// Jest Snapshot v1, https://goo.gl/fbAQLP

exports[`htmlBuilder 1`] = `
"<table>
    <tr>
        <td>lang</td>
        <td>comment</td>
    </tr>
    <tr>
        <td>php</td>
        <td>statements</td>
    </tr>
    <tr>
        <td>clojure</td>
        <td>expressions</td>
    </tr>
</table>"
`;